[Tue May 19 09:00:06 2026] PHP 8.3.6 Development Server (http://localhost:8000) started
[Tue May 19 09:00:18 2026] [::1]:55518 Accepted
[Tue May 19 09:00:18 2026] [::1]:55518 [200]: GET /residente/templates/dashboard.html
[Tue May 19 09:00:18 2026] [::1]:55518 Closing
[Tue May 19 09:00:28 2026] [::1]:55740 Accepted
[Tue May 19 09:00:28 2026] [::1]:55740 [200]: GET /residente/templates/dashboard.html
[Tue May 19 09:00:28 2026] [::1]:55740 Closing
[Tue May 19 09:03:15 2026] [::1]:55202 Accepted
[Tue May 19 09:03:15 2026] [::1]:55202 [200]: GET /residente/templates/dashboard.html
[Tue May 19 09:03:15 2026] [::1]:55202 Closing
[Tue May 19 09:05:58 2026] [::1]:53260 Accepted
[Tue May 19 09:05:58 2026] [::1]:53260 [200]: GET /residente/templates/views/home.html
[Tue May 19 09:05:58 2026] [::1]:53260 Closing
[Tue May 19 09:06:12 2026] [::1]:52980 Accepted
[Tue May 19 09:06:12 2026] [::1]:52980 [200]: GET /residente/templates/views/home.html
[Tue May 19 09:06:12 2026] [::1]:52980 Closing
[Tue May 19 09:08:29 2026] [::1]:50496 Accepted
[Tue May 19 09:08:29 2026] [::1]:50496 [200]: GET /residente/templates/views/home.html
[Tue May 19 09:08:29 2026] [::1]:50496 Closing
[Tue May 19 09:24:03 2026] [::1]:44972 Accepted
[Tue May 19 09:24:03 2026] [::1]:44972 [200]: GET /residente/templates/dashboard.html
[Tue May 19 09:24:03 2026] [::1]:44972 Closing
[Tue May 19 09:25:16 2026] [::1]:36988 Accepted
[Tue May 19 09:25:16 2026] [::1]:36988 [200]: GET /residente/templates/dashboard.html
[Tue May 19 09:25:16 2026] [::1]:36988 Closing
[Tue May 19 09:25:16 2026] [::1]:42322 Accepted
[Tue May 19 09:25:16 2026] [::1]:42322 [200]: GET /assets/img/logo_asher.png
[Tue May 19 09:25:16 2026] [::1]:42322 Closing
[Tue May 19 09:26:13 2026] [::1]:37840 Accepted
[Tue May 19 09:26:13 2026] [::1]:37840 [200]: GET /residente/templates/dashboard.html
[Tue May 19 09:26:13 2026] [::1]:37840 Closing
[Tue May 19 09:26:13 2026] [::1]:37856 Accepted
[Tue May 19 09:26:13 2026] [::1]:37856 [200]: GET /assets/img/logo_asher.png
[Tue May 19 09:26:13 2026] [::1]:37856 Closing
[Tue May 19 09:26:57 2026] [::1]:39248 Accepted
[Tue May 19 09:26:57 2026] [::1]:39248 [200]: GET /residente/templates/views/home.html
[Tue May 19 09:26:57 2026] [::1]:39248 Closing
